
Memory Configuration

Name             Origin             Length             Attributes
blkram           0x00002000         0x00002000         xw
flash            0x00040000         0x00040000         xr
sdram            0x00800000         0x00800000         xw
*default*        0x00000000         0xffffffff

Linker script and memory map

LOAD obj-zip/h2.o
LOAD obj-zip/pushtozipcpu.o
LOAD obj-zip/clr_sdram.o
LOAD obj-zip/my_malloc.o
LOAD obj-zip/even_odd_de_inter.o
LOAD obj-zip/rd_dwt_wr.o
                0x00003fff                _top_of_stack = ((ORIGIN (blkram) + 0x2000) - 0x1)
                0x00002000                . = 0x2000

.rocode         0x00002000      0x2a6
 *(.start)
 .start         0x00002000       0x15 obj-zip/h2.o
                0x00002000                _start
 *(.text)
 .text          0x00002015       0x21 obj-zip/h2.o
                0x00002015                entry
 .text          0x00002036       0x29 obj-zip/pushtozipcpu.o
                0x00002036                zip_read_image
 .text          0x0000205f        0x9 obj-zip/clr_sdram.o
                0x0000205f                zip_clear_sdram
 .text          0x00002068        0x9 obj-zip/my_malloc.o
                0x00002068                free
                0x00002069                malloc
 .text          0x00002071      0x116 obj-zip/even_odd_de_inter.o
                0x00002071                singlelift
                0x000020db                lifting
 .text          0x00002187       0xff obj-zip/rd_dwt_wr.o
                0x00002187                rd_dwt_wr
                0x00002255                zip_write
 *(.rodata)
 .rodata        0x00002286       0x20 obj-zip/h2.o
                0x00002286                msg1
                0x00002296                msg
 *(.strings)

.data           0x000022a6        0x1
 *(.data)
 .data          0x000022a6        0x0 obj-zip/h2.o
 .data          0x000022a6        0x0 obj-zip/pushtozipcpu.o
 .data          0x000022a6        0x0 obj-zip/clr_sdram.o
 .data          0x000022a6        0x1 obj-zip/my_malloc.o
                0x000022a6                heap
 .data          0x000022a7        0x0 obj-zip/even_odd_de_inter.o
 .data          0x000022a7        0x0 obj-zip/rd_dwt_wr.o
 *(COMMON)
 *(.bss)
 .bss           0x000022a7        0x0 obj-zip/h2.o
 .bss           0x000022a7        0x0 obj-zip/pushtozipcpu.o
 .bss           0x000022a7        0x0 obj-zip/clr_sdram.o
 .bss           0x000022a7        0x0 obj-zip/my_malloc.o
 .bss           0x000022a7        0x0 obj-zip/even_odd_de_inter.o
 .bss           0x000022a7        0x0 obj-zip/rd_dwt_wr.o
                0x00f00000                _top_of_heap = 0xf00000
OUTPUT(h2 elf32-zip)

.comment        0x00000000        0x7
 .comment       0x00000000        0x7 obj-zip/h2.o
                                 0x20 (size before relaxing)
 .comment       0x00000007        0x8 obj-zip/pushtozipcpu.o
 .comment       0x00000007        0x8 obj-zip/clr_sdram.o
 .comment       0x00000007        0x8 obj-zip/my_malloc.o
 .comment       0x00000007        0x8 obj-zip/even_odd_de_inter.o
 .comment       0x00000007        0x8 obj-zip/rd_dwt_wr.o
