
Memory Configuration

Name             Origin             Length             Attributes
blkram           0x00002000         0x00002000         xw
flash            0x00040000         0x00040000         xr
sdram            0x00800000         0x00800000         xw
*default*        0x00000000         0xffffffff

Linker script and memory map

LOAD obj-zip/h2.o
LOAD obj-zip/pushtozipcpu.o
LOAD obj-zip/clr_sdram.o
LOAD obj-zip/my_malloc.o
LOAD obj-zip/lifting.o
LOAD obj-zip/yuv.o
LOAD obj-zip/rd_dwt_wr.o
LOAD obj-zip/pack.o
                0x00003fff                _top_of_stack = ((ORIGIN (blkram) + 0x2000) - 0x1)
                0x00002000                . = 0x2000

.rocode         0x00002000      0x37f
 *(.start)
 .start         0x00002000        0x4 obj-zip/h2.o
                0x00002000                _start
 *(.text)
 .text          0x00002004       0x21 obj-zip/h2.o
                0x00002004                entry
 .text          0x00002025       0x29 obj-zip/pushtozipcpu.o
                0x00002025                zip_read_image
 .text          0x0000204e        0x9 obj-zip/clr_sdram.o
                0x0000204e                zip_clear_sdram
 .text          0x00002057        0x9 obj-zip/my_malloc.o
                0x00002057                free
                0x00002058                malloc
 .text          0x00002060      0x160 obj-zip/lifting.o
                0x00002060                singlelift
                0x000020d1                ilift
                0x0000214f                lifting
 .text          0x000021c0       0x54 obj-zip/yuv.o
                0x000021c0                yuv
                0x000021ea                invyuv
 .text          0x00002214       0xf7 obj-zip/rd_dwt_wr.o
                0x00002214                rd_dwt_wr
                0x000022da                zip_write
 .text          0x0000230b       0x54 obj-zip/pack.o
                0x0000230b                packyuv
                0x00002331                unpackyuv
 *(.rodata)
 .rodata        0x0000235f       0x20 obj-zip/h2.o
                0x0000235f                msg1
                0x0000236f                msg
 *(.strings)

.data           0x0000237f        0x1
 *(.data)
 .data          0x0000237f        0x0 obj-zip/h2.o
 .data          0x0000237f        0x0 obj-zip/pushtozipcpu.o
 .data          0x0000237f        0x0 obj-zip/clr_sdram.o
 .data          0x0000237f        0x1 obj-zip/my_malloc.o
                0x0000237f                heap
 .data          0x00002380        0x0 obj-zip/lifting.o
 .data          0x00002380        0x0 obj-zip/yuv.o
 .data          0x00002380        0x0 obj-zip/rd_dwt_wr.o
 .data          0x00002380        0x0 obj-zip/pack.o
 *(COMMON)
 *(.bss)
 .bss           0x00002380        0x0 obj-zip/h2.o
 .bss           0x00002380        0x0 obj-zip/pushtozipcpu.o
 .bss           0x00002380        0x0 obj-zip/clr_sdram.o
 .bss           0x00002380        0x0 obj-zip/my_malloc.o
 .bss           0x00002380        0x0 obj-zip/lifting.o
 .bss           0x00002380        0x0 obj-zip/yuv.o
 .bss           0x00002380        0x0 obj-zip/rd_dwt_wr.o
 .bss           0x00002380        0x0 obj-zip/pack.o
                0x00f00000                _top_of_heap = 0xf00000
OUTPUT(h2 elf32-zip)

.comment        0x00000000        0x7
 .comment       0x00000000        0x7 obj-zip/h2.o
                                 0x20 (size before relaxing)
 .comment       0x00000007        0x8 obj-zip/pushtozipcpu.o
 .comment       0x00000007        0x8 obj-zip/clr_sdram.o
 .comment       0x00000007        0x8 obj-zip/my_malloc.o
 .comment       0x00000007        0x8 obj-zip/lifting.o
 .comment       0x00000007        0x8 obj-zip/yuv.o
 .comment       0x00000007        0x8 obj-zip/rd_dwt_wr.o
 .comment       0x00000007        0x8 obj-zip/pack.o
