
Memory Configuration

Name             Origin             Length             Attributes
blkram           0x00002000         0x00002000         xw
flash            0x00040000         0x00040000         xr
sdram            0x00800000         0x00800000         xw
*default*        0x00000000         0xffffffff

Linker script and memory map

LOAD obj-zip/h2.o
LOAD obj-zip/pushtozipcpu.o
LOAD obj-zip/clr_sdram.o
LOAD obj-zip/my_malloc.o
LOAD obj-zip/lifting.o
LOAD obj-zip/rd_dwt_wr.o
                0x00003fff                _top_of_stack = ((ORIGIN (blkram) + 0x2000) - 0x1)
                0x00002000                . = 0x2000

.rocode         0x00002000      0x2f7
 *(.start)
 .start         0x00002000        0x4 obj-zip/h2.o
                0x00002000                _start
 *(.text)
 .text          0x00002004       0x21 obj-zip/h2.o
                0x00002004                entry
 .text          0x00002025       0x29 obj-zip/pushtozipcpu.o
                0x00002025                zip_read_image
 .text          0x0000204e        0x9 obj-zip/clr_sdram.o
                0x0000204e                zip_clear_sdram
 .text          0x00002057        0x9 obj-zip/my_malloc.o
                0x00002057                free
                0x00002058                malloc
 .text          0x00002060      0x160 obj-zip/lifting.o
                0x00002060                singlelift
                0x000020d1                ilift
                0x0000214f                lifting
 .text          0x000021c0      0x117 obj-zip/rd_dwt_wr.o
                0x000021c0                rd_dwt_wr
                0x000022a6                zip_write
 *(.rodata)
 .rodata        0x000022d7       0x20 obj-zip/h2.o
                0x000022d7                msg1
                0x000022e7                msg
 *(.strings)

.data           0x000022f7        0x1
 *(.data)
 .data          0x000022f7        0x0 obj-zip/h2.o
 .data          0x000022f7        0x0 obj-zip/pushtozipcpu.o
 .data          0x000022f7        0x0 obj-zip/clr_sdram.o
 .data          0x000022f7        0x1 obj-zip/my_malloc.o
                0x000022f7                heap
 .data          0x000022f8        0x0 obj-zip/lifting.o
 .data          0x000022f8        0x0 obj-zip/rd_dwt_wr.o
 *(COMMON)
 *(.bss)
 .bss           0x000022f8        0x0 obj-zip/h2.o
 .bss           0x000022f8        0x0 obj-zip/pushtozipcpu.o
 .bss           0x000022f8        0x0 obj-zip/clr_sdram.o
 .bss           0x000022f8        0x0 obj-zip/my_malloc.o
 .bss           0x000022f8        0x0 obj-zip/lifting.o
 .bss           0x000022f8        0x0 obj-zip/rd_dwt_wr.o
                0x00f00000                _top_of_heap = 0xf00000
OUTPUT(h2 elf32-zip)

.comment        0x00000000        0x7
 .comment       0x00000000        0x7 obj-zip/h2.o
                                 0x20 (size before relaxing)
 .comment       0x00000007        0x8 obj-zip/pushtozipcpu.o
 .comment       0x00000007        0x8 obj-zip/clr_sdram.o
 .comment       0x00000007        0x8 obj-zip/my_malloc.o
 .comment       0x00000007        0x8 obj-zip/lifting.o
 .comment       0x00000007        0x8 obj-zip/rd_dwt_wr.o
